<?xml version="1.0" encoding="ISO-8859-1" ?>
<link_info>
   <banner>TI ARM Linker PC v20.2.2.LTS</banner>
   <copyright>Copyright (c) 1996-2018 Texas Instruments Incorporated</copyright>
   <link_time>0x60580059</link_time>
   <link_errors>0x0</link_errors>
   <output_file>uartecho_CC3220S_LAUNCHXL_nortos_ccs.out</output_file>
   <entry_point>
      <name>resetISR</name>
      <address>0x2000f345</address>
   </entry_point>
   <input_file_list>
      <input_file id="fl-2">
         <path>.\</path>
         <kind>object</kind>
         <file>main_nortos.obj</file>
         <name>main_nortos.obj</name>
      </input_file>
      <input_file id="fl-3">
         <path>.\</path>
         <kind>object</kind>
         <file>uartecho.obj</file>
         <name>uartecho.obj</name>
      </input_file>
      <input_file id="fl-4">
         <path>.\syscfg\</path>
         <kind>object</kind>
         <file>ti_drivers_config.obj</file>
         <name>ti_drivers_config.obj</name>
      </input_file>
      <input_file id="fl-d">
         <kind>object</kind>
         <file>&lt;internal&gt;</file>
         <name>&lt;internal&gt;</name>
      </input_file>
      <input_file id="fl-e">
         <path>C:\ti\simplelink_cc32xx_sdk_4_40_00_07\source\ti\drivers\lib\ccs\m4\</path>
         <kind>archive</kind>
         <file>drivers_cc32xx.a</file>
         <name>UART.oem4</name>
      </input_file>
      <input_file id="fl-f">
         <path>C:\ti\simplelink_cc32xx_sdk_4_40_00_07\source\ti\drivers\lib\ccs\m4\</path>
         <kind>archive</kind>
         <file>drivers_cc32xx.a</file>
         <name>GPIOCC32XX.oem4</name>
      </input_file>
      <input_file id="fl-10">
         <path>C:\ti\simplelink_cc32xx_sdk_4_40_00_07\source\ti\drivers\lib\ccs\m4\</path>
         <kind>archive</kind>
         <file>drivers_cc32xx.a</file>
         <name>PowerCC32XX.oem4</name>
      </input_file>
      <input_file id="fl-11">
         <path>C:\ti\simplelink_cc32xx_sdk_4_40_00_07\source\ti\drivers\lib\ccs\m4\</path>
         <kind>archive</kind>
         <file>drivers_cc32xx.a</file>
         <name>PowerCC32XX_asm.oem4</name>
      </input_file>
      <input_file id="fl-12">
         <path>C:\ti\simplelink_cc32xx_sdk_4_40_00_07\source\ti\drivers\lib\ccs\m4\</path>
         <kind>archive</kind>
         <file>drivers_cc32xx.a</file>
         <name>UARTCC32XX.oem4</name>
      </input_file>
      <input_file id="fl-13">
         <path>C:\ti\simplelink_cc32xx_sdk_4_40_00_07\source\ti\drivers\lib\ccs\m4\</path>
         <kind>archive</kind>
         <file>drivers_cc32xx.a</file>
         <name>List.oem4</name>
      </input_file>
      <input_file id="fl-14">
         <path>C:\ti\simplelink_cc32xx_sdk_4_40_00_07\source\ti\drivers\lib\ccs\m4\</path>
         <kind>archive</kind>
         <file>drivers_cc32xx.a</file>
         <name>RingBuf.oem4</name>
      </input_file>
      <input_file id="fl-15">
         <path>C:\ti\simplelink_cc32xx_sdk_4_40_00_07\kernel\nortos\lib\ccs\m4\</path>
         <kind>archive</kind>
         <file>nortos_cc32xx.a</file>
         <name>NoRTOS.oem4</name>
      </input_file>
      <input_file id="fl-16">
         <path>C:\ti\simplelink_cc32xx_sdk_4_40_00_07\kernel\nortos\lib\ccs\m4\</path>
         <kind>archive</kind>
         <file>nortos_cc32xx.a</file>
         <name>SemaphoreP_nortos.oem4</name>
      </input_file>
      <input_file id="fl-17">
         <path>C:\ti\simplelink_cc32xx_sdk_4_40_00_07\kernel\nortos\lib\ccs\m4\</path>
         <kind>archive</kind>
         <file>nortos_cc32xx.a</file>
         <name>ClockPSysTick_nortos.oem4</name>
      </input_file>
      <input_file id="fl-18">
         <path>C:\ti\simplelink_cc32xx_sdk_4_40_00_07\kernel\nortos\lib\ccs\m4\</path>
         <kind>archive</kind>
         <file>nortos_cc32xx.a</file>
         <name>HwiPCC32XX_nortos.oem4</name>
      </input_file>
      <input_file id="fl-19">
         <path>C:\ti\simplelink_cc32xx_sdk_4_40_00_07\kernel\nortos\lib\ccs\m4\</path>
         <kind>archive</kind>
         <file>nortos_cc32xx.a</file>
         <name>PowerCC32XX_nortos.oem4</name>
      </input_file>
      <input_file id="fl-1a">
         <path>C:\ti\simplelink_cc32xx_sdk_4_40_00_07\kernel\nortos\lib\ccs\m4\</path>
         <kind>archive</kind>
         <file>nortos_cc32xx.a</file>
         <name>startup_cc32xx_ccs.oem4</name>
      </input_file>
      <input_file id="fl-1b">
         <path>C:\ti\simplelink_cc32xx_sdk_4_40_00_07\kernel\nortos\lib\ccs\m4\</path>
         <kind>archive</kind>
         <file>nortos_cc32xx.a</file>
         <name>SwiP_nortos.oem4</name>
      </input_file>
      <input_file id="fl-1c">
         <path>C:\ti\simplelink_cc32xx_sdk_4_40_00_07\kernel\nortos\lib\ccs\m4\</path>
         <kind>archive</kind>
         <file>nortos_cc32xx.a</file>
         <name>QueueP_nortos.oem4</name>
      </input_file>
      <input_file id="fl-1d">
         <path>C:\ti\simplelink_cc32xx_sdk_4_40_00_07\source\ti\devices\cc32xx\driverlib\ccs\Release\</path>
         <kind>archive</kind>
         <file>driverlib.a</file>
         <name>cpu.obj</name>
      </input_file>
      <input_file id="fl-1e">
         <path>C:\ti\simplelink_cc32xx_sdk_4_40_00_07\source\ti\devices\cc32xx\driverlib\ccs\Release\</path>
         <kind>archive</kind>
         <file>driverlib.a</file>
         <name>interrupt.obj</name>
      </input_file>
      <input_file id="fl-1f">
         <path>C:\ti\simplelink_cc32xx_sdk_4_40_00_07\source\ti\devices\cc32xx\driverlib\ccs\Release\</path>
         <kind>archive</kind>
         <file>driverlib.a</file>
         <name>pin.obj</name>
      </input_file>
      <input_file id="fl-20">
         <path>C:\ti\simplelink_cc32xx_sdk_4_40_00_07\source\ti\devices\cc32xx\driverlib\ccs\Release\</path>
         <kind>archive</kind>
         <file>driverlib.a</file>
         <name>prcm.obj</name>
      </input_file>
      <input_file id="fl-21">
         <path>C:\ti\simplelink_cc32xx_sdk_4_40_00_07\source\ti\devices\cc32xx\driverlib\ccs\Release\</path>
         <kind>archive</kind>
         <file>driverlib.a</file>
         <name>uart.obj</name>
      </input_file>
      <input_file id="fl-22">
         <path>C:\ti\simplelink_cc32xx_sdk_4_40_00_07\source\ti\devices\cc32xx\driverlib\ccs\Release\</path>
         <kind>archive</kind>
         <file>driverlib.a</file>
         <name>utils.obj</name>
      </input_file>
      <input_file id="fl-23">
         <path>C:\ti\simplelink_cc32xx_sdk_4_40_00_07\source\ti\devices\cc32xx\driverlib\ccs\Release\</path>
         <kind>archive</kind>
         <file>driverlib.a</file>
         <name>flash.obj</name>
      </input_file>
      <input_file id="fl-d9">
         <path>C:\ti\ccs1020\ccs\tools\compiler\ti-cgt-arm_20.2.2.LTS\lib\</path>
         <kind>archive</kind>
         <file>rtsv7M4_T_le_eabi.lib</file>
         <name>ll_mul_t2.asm.obj</name>
      </input_file>
      <input_file id="fl-da">
         <path>C:\ti\ccs1020\ccs\tools\compiler\ti-cgt-arm_20.2.2.LTS\lib\</path>
         <kind>archive</kind>
         <file>rtsv7M4_T_le_eabi.lib</file>
         <name>memcpy_t2.asm.obj</name>
      </input_file>
      <input_file id="fl-db">
         <path>C:\ti\ccs1020\ccs\tools\compiler\ti-cgt-arm_20.2.2.LTS\lib\</path>
         <kind>archive</kind>
         <file>rtsv7M4_T_le_eabi.lib</file>
         <name>ull_div_t2.asm.obj</name>
      </input_file>
      <input_file id="fl-dc">
         <path>C:\ti\ccs1020\ccs\tools\compiler\ti-cgt-arm_20.2.2.LTS\lib\</path>
         <kind>archive</kind>
         <file>rtsv7M4_T_le_eabi.lib</file>
         <name>copy_zero_init.c.obj</name>
      </input_file>
      <input_file id="fl-dd">
         <path>C:\ti\ccs1020\ccs\tools\compiler\ti-cgt-arm_20.2.2.LTS\lib\</path>
         <kind>archive</kind>
         <file>rtsv7M4_T_le_eabi.lib</file>
         <name>copy_decompress_none.c.obj</name>
      </input_file>
      <input_file id="fl-de">
         <path>C:\ti\ccs1020\ccs\tools\compiler\ti-cgt-arm_20.2.2.LTS\lib\</path>
         <kind>archive</kind>
         <file>rtsv7M4_T_le_eabi.lib</file>
         <name>copy_decompress_lzss.c.obj</name>
      </input_file>
      <input_file id="fl-df">
         <path>C:\ti\ccs1020\ccs\tools\compiler\ti-cgt-arm_20.2.2.LTS\lib\</path>
         <kind>archive</kind>
         <file>rtsv7M4_T_le_eabi.lib</file>
         <name>memory.c.obj</name>
      </input_file>
      <input_file id="fl-e0">
         <path>C:\ti\ccs1020\ccs\tools\compiler\ti-cgt-arm_20.2.2.LTS\lib\</path>
         <kind>archive</kind>
         <file>rtsv7M4_T_le_eabi.lib</file>
         <name>boot_cortex_m.c.obj</name>
      </input_file>
      <input_file id="fl-e1">
         <path>C:\ti\ccs1020\ccs\tools\compiler\ti-cgt-arm_20.2.2.LTS\lib\</path>
         <kind>archive</kind>
         <file>rtsv7M4_T_le_eabi.lib</file>
         <name>div0.asm.obj</name>
      </input_file>
      <input_file id="fl-e2">
         <path>C:\ti\ccs1020\ccs\tools\compiler\ti-cgt-arm_20.2.2.LTS\lib\</path>
         <kind>archive</kind>
         <file>rtsv7M4_T_le_eabi.lib</file>
         <name>memset_t2.asm.obj</name>
      </input_file>
      <input_file id="fl-e3">
         <path>C:\ti\ccs1020\ccs\tools\compiler\ti-cgt-arm_20.2.2.LTS\lib\</path>
         <kind>archive</kind>
         <file>rtsv7M4_T_le_eabi.lib</file>
         <name>autoinit.c.obj</name>
      </input_file>
      <input_file id="fl-e4">
         <path>C:\ti\ccs1020\ccs\tools\compiler\ti-cgt-arm_20.2.2.LTS\lib\</path>
         <kind>archive</kind>
         <file>rtsv7M4_T_le_eabi.lib</file>
         <name>pre_init.c.obj</name>
      </input_file>
      <input_file id="fl-e5">
         <path>C:\ti\ccs1020\ccs\tools\compiler\ti-cgt-arm_20.2.2.LTS\lib\</path>
         <kind>archive</kind>
         <file>rtsv7M4_T_le_eabi.lib</file>
         <name>cpy_tbl.c.obj</name>
      </input_file>
      <input_file id="fl-e6">
         <path>C:\ti\ccs1020\ccs\tools\compiler\ti-cgt-arm_20.2.2.LTS\lib\</path>
         <kind>archive</kind>
         <file>rtsv7M4_T_le_eabi.lib</file>
         <name>exit.c.obj</name>
      </input_file>
      <input_file id="fl-e7">
         <path>C:\ti\ccs1020\ccs\tools\compiler\ti-cgt-arm_20.2.2.LTS\lib\</path>
         <kind>archive</kind>
         <file>rtsv7M4_T_le_eabi.lib</file>
         <name>_lock.c.obj</name>
      </input_file>
      <input_file id="fl-e8">
         <path>C:\ti\ccs1020\ccs\tools\compiler\ti-cgt-arm_20.2.2.LTS\lib\</path>
         <kind>archive</kind>
         <file>rtsv7M4_T_le_eabi.lib</file>
         <name>args_main.c.obj</name>
      </input_file>
   </input_file_list>
   <object_component_list>
      <object_component id="oc-1a9">
         <name>.text:PRCMCC3200MCUInit</name>
         <load_address>0x2000c040</load_address>
         <run_address>0x2000c040</run_address>
         <size>0x42c</size>
         <input_file_ref idref="fl-20"/>
      </object_component>
      <object_component id="oc-4e1">
         <name>.text:UARTCC32XX_open</name>
         <load_address>0x2000c46c</load_address>
         <run_address>0x2000c46c</run_address>
         <size>0x288</size>
         <input_file_ref idref="fl-12"/>
      </object_component>
      <object_component id="oc-1c9">
         <name>.text:GPIO_setConfig</name>
         <load_address>0x2000c6f4</load_address>
         <run_address>0x2000c6f4</run_address>
         <size>0x1e4</size>
         <input_file_ref idref="fl-f"/>
      </object_component>
      <object_component id="oc-369">
         <name>.text:PowerCC32XX_sleepPolicy</name>
         <load_address>0x2000c8d8</load_address>
         <run_address>0x2000c8d8</run_address>
         <size>0x19c</size>
         <input_file_ref idref="fl-19"/>
      </object_component>
      <object_component id="oc-54b">
         <name>.text:parkPins</name>
         <load_address>0x2000ca74</load_address>
         <run_address>0x2000ca74</run_address>
         <size>0x148</size>
         <input_file_ref idref="fl-10"/>
      </object_component>
      <object_component id="oc-46f">
         <name>.text:Power_sleep</name>
         <load_address>0x2000cbbc</load_address>
         <run_address>0x2000cbbc</run_address>
         <size>0x138</size>
         <input_file_ref idref="fl-10"/>
      </object_component>
      <object_component id="oc-4cf">
         <name>.text:UARTCC32XX_close</name>
         <load_address>0x2000ccf4</load_address>
         <run_address>0x2000ccf4</run_address>
         <size>0x120</size>
         <input_file_ref idref="fl-12"/>
      </object_component>
      <object_component id="oc-513">
         <name>.text:aligned_alloc</name>
         <load_address>0x2000ce14</load_address>
         <run_address>0x2000ce14</run_address>
         <size>0x100</size>
         <input_file_ref idref="fl-df"/>
      </object_component>
      <object_component id="oc-4d5">
         <name>.text:UARTCC32XX_control</name>
         <load_address>0x2000cf14</load_address>
         <run_address>0x2000cf14</run_address>
         <size>0xf2</size>
         <input_file_ref idref="fl-12"/>
      </object_component>
      <object_component id="oc-1b5">
         <name>.text:Board_initHook</name>
         <load_address>0x2000d006</load_address>
         <run_address>0x2000d006</run_address>
         <size>0x2</size>
         <input_file_ref idref="fl-4"/>
      </object_component>
      <object_component id="oc-385">
         <name>.text:free</name>
         <load_address>0x2000d008</load_address>
         <run_address>0x2000d008</run_address>
         <size>0xe4</size>
         <input_file_ref idref="fl-df"/>
      </object_component>
      <object_component id="oc-4f9">
         <name>.text:UARTCC32XX_write</name>
         <load_address>0x2000d0ec</load_address>
         <run_address>0x2000d0ec</run_address>
         <size>0xca</size>
         <input_file_ref idref="fl-12"/>
      </object_component>
      <object_component id="oc-363">
         <name>.text:PowerCC32XX_initPolicy</name>
         <load_address>0x2000d1b6</load_address>
         <run_address>0x2000d1b6</run_address>
         <size>0x2</size>
         <input_file_ref idref="fl-19"/>
      </object_component>
      <object_component id="oc-1bd">
         <name>.text:GPIO_init</name>
         <load_address>0x2000d1b8</load_address>
         <run_address>0x2000d1b8</run_address>
         <size>0xc4</size>
         <input_file_ref idref="fl-f"/>
      </object_component>
      <object_component id="oc-568">
         <name>.text:restoreParkedPins</name>
         <load_address>0x2000d27c</load_address>
         <run_address>0x2000d27c</run_address>
         <size>0xc0</size>
         <input_file_ref idref="fl-10"/>
      </object_component>
      <object_component id="oc-4ed">
         <name>.text:UARTCC32XX_readPolling</name>
         <load_address>0x2000d33c</load_address>
         <run_address>0x2000d33c</run_address>
         <size>0xba</size>
         <input_file_ref idref="fl-12"/>
      </object_component>
      <object_component id="oc-4db">
         <name>.text:UARTCC32XX_init</name>
         <load_address>0x2000d3f6</load_address>
         <run_address>0x2000d3f6</run_address>
         <size>0x2</size>
         <input_file_ref idref="fl-12"/>
      </object_component>
      <object_component id="oc-5f5">
         <name>.text:initHw</name>
         <load_address>0x2000d3f8</load_address>
         <run_address>0x2000d3f8</run_address>
         <size>0xb8</size>
         <input_file_ref idref="fl-12"/>
      </object_component>
      <object_component id="oc-6db">
         <name>.text:readTaskCallback</name>
         <load_address>0x2000d4b0</load_address>
         <run_address>0x2000d4b0</run_address>
         <size>0xb6</size>
         <input_file_ref idref="fl-12"/>
      </object_component>
      <object_component id="oc-6c9">
         <name>.text:readTaskBlocking</name>
         <load_address>0x2000d566</load_address>
         <run_address>0x2000d566</run_address>
         <size>0xb0</size>
         <input_file_ref idref="fl-12"/>
      </object_component>
      <object_component id="oc-6cf">
         <name>.text:readIsrTextBlocking</name>
         <load_address>0x2000d616</load_address>
         <run_address>0x2000d616</run_address>
         <size>0xae</size>
         <input_file_ref idref="fl-12"/>
      </object_component>
      <object_component id="oc-b5">
         <name>.text:IntEnable</name>
         <load_address>0x2000d6c4</load_address>
         <run_address>0x2000d6c4</run_address>
         <size>0xa8</size>
         <input_file_ref idref="fl-1e"/>
      </object_component>
      <object_component id="oc-281">
         <name>.text:PowerCC32XX_configureWakeup</name>
         <load_address>0x2000d76c</load_address>
         <run_address>0x2000d76c</run_address>
         <size>0xa8</size>
         <input_file_ref idref="fl-10"/>
      </object_component>
      <object_component id="oc-15e">
         <name>.text:mainThread</name>
         <load_address>0x2000d814</load_address>
         <run_address>0x2000d814</run_address>
         <size>0xa4</size>
         <input_file_ref idref="fl-3"/>
      </object_component>
      <object_component id="oc-6e1">
         <name>.text:readIsrTextCallback</name>
         <load_address>0x2000d8b8</load_address>
         <run_address>0x2000d8b8</run_address>
         <size>0xa2</size>
         <input_file_ref idref="fl-12"/>
      </object_component>
      <object_component id="oc-62c">
         <name>.text:writeData</name>
         <load_address>0x2000d95a</load_address>
         <run_address>0x2000d95a</run_address>
         <size>0xa2</size>
         <input_file_ref idref="fl-12"/>
      </object_component>
      <object_component id="oc-2a7">
         <name>.text:SemaphoreP_pend</name>
         <load_address>0x2000d9fc</load_address>
         <run_address>0x2000d9fc</run_address>
         <size>0xa0</size>
         <input_file_ref idref="fl-16"/>
      </object_component>
      <object_component id="oc-3b">
         <name>.text</name>
         <load_address>0x2000da9c</load_address>
         <run_address>0x2000da9c</run_address>
         <size>0x9c</size>
         <input_file_ref idref="fl-da"/>
      </object_component>
      <object_component id="oc-2c9">
         <name>.text:powerNotifyFxn</name>
         <load_address>0x2000db38</load_address>
         <run_address>0x2000db38</run_address>
         <size>0x98</size>
         <input_file_ref idref="fl-f"/>
      </object_component>
      <object_component id="oc-46a">
         <name>.text</name>
         <load_address>0x2000dbd0</load_address>
         <run_address>0x2000dbd0</run_address>
         <size>0x96</size>
         <input_file_ref idref="fl-db"/>
      </object_component>
      <object_component id="oc-32b">
         <name>.text:_nop</name>
         <load_address>0x2000dc66</load_address>
         <run_address>0x2000dc66</run_address>
         <size>0x2</size>
         <input_file_ref idref="fl-e7"/>
      </object_component>
      <object_component id="oc-55c">
         <name>.text:restoreNVICRegs</name>
         <load_address>0x2000dc68</load_address>
         <run_address>0x2000dc68</run_address>
         <size>0x90</size>
         <input_file_ref idref="fl-10"/>
      </object_component>
      <object_component id="oc-3fa">
         <name>.text:HwiP_construct</name>
         <load_address>0x2000dcf8</load_address>
         <run_address>0x2000dcf8</run_address>
         <size>0x8c</size>
         <input_file_ref idref="fl-18"/>
      </object_component>
      <object_component id="oc-68b">
         <name>.text:IntPendSet</name>
         <load_address>0x2000dd84</load_address>
         <run_address>0x2000dd84</run_address>
         <size>0x88</size>
         <input_file_ref idref="fl-1e"/>
      </object_component>
      <object_component id="oc-2dd">
         <name>.text:PinConfigSet</name>
         <load_address>0x2000de0c</load_address>
         <run_address>0x2000de0c</run_address>
         <size>0x88</size>
         <input_file_ref idref="fl-1f"/>
      </object_component>
      <object_component id="oc-1ed">
         <name>.text:changeState</name>
         <load_address>0x2000de94</load_address>
         <run_address>0x2000de94</run_address>
         <size>0x86</size>
         <input_file_ref idref="fl-3"/>
      </object_component>
      <object_component id="oc-73">
         <name>.text:busFaultHandler</name>
         <load_address>0x2000df1a</load_address>
         <run_address>0x2000df1a</run_address>
         <size>0x2</size>
         <input_file_ref idref="fl-1a"/>
      </object_component>
      <object_component id="oc-1af">
         <name>.text:Power_init</name>
         <load_address>0x2000df1c</load_address>
         <run_address>0x2000df1c</run_address>
         <size>0x84</size>
         <input_file_ref idref="fl-10"/>
      </object_component>
      <object_component id="oc-551">
         <name>.text:saveNVICRegs</name>
         <load_address>0x2000dfa0</load_address>
         <run_address>0x2000dfa0</run_address>
         <size>0x84</size>
         <input_file_ref idref="fl-10"/>
      </object_component>
      <object_component id="oc-2e3">
         <name>.text:Power_setDependency</name>
         <load_address>0x2000e024</load_address>
         <run_address>0x2000e024</run_address>
         <size>0x80</size>
         <input_file_ref idref="fl-10"/>
      </object_component>
      <object_component id="oc-6c3">
         <name>.text:readIsrBinaryBlocking</name>
         <load_address>0x2000e0a4</load_address>
         <run_address>0x2000e0a4</run_address>
         <size>0x7c</size>
         <input_file_ref idref="fl-12"/>
      </object_component>
      <object_component id="oc-307">
         <name>.text:GPIO_hwiIntFxn</name>
         <load_address>0x2000e120</load_address>
         <run_address>0x2000e120</run_address>
         <size>0x78</size>
         <input_file_ref idref="fl-f"/>
      </object_component>
      <object_component id="oc-6d5">
         <name>.text:readIsrBinaryCallback</name>
         <load_address>0x2000e198</load_address>
         <run_address>0x2000e198</run_address>
         <size>0x78</size>
         <input_file_ref idref="fl-12"/>
      </object_component>
      <object_component id="oc-604">
         <name>.text:UARTCC32XX_hwiIntFxn</name>
         <load_address>0x2000e210</load_address>
         <run_address>0x2000e210</run_address>
         <size>0x74</size>
         <input_file_ref idref="fl-12"/>
      </object_component>
      <object_component id="oc-639">
         <name>.text:split</name>
         <load_address>0x2000e284</load_address>
         <run_address>0x2000e284</run_address>
         <size>0x70</size>
         <input_file_ref idref="fl-df"/>
      </object_component>
      <object_component id="oc-14">
         <name>.text:decompress:lzss:__TI_decompress_lzss</name>
         <load_address>0x2000e2f4</load_address>
         <run_address>0x2000e2f4</run_address>
         <size>0x68</size>
         <input_file_ref idref="fl-de"/>
      </object_component>
      <object_component id="oc-505">
         <name>.text:UARTCC32XX_writeCancel</name>
         <load_address>0x2000e35c</load_address>
         <run_address>0x2000e35c</run_address>
         <size>0x66</size>
         <input_file_ref idref="fl-12"/>
      </object_component>
      <object_component id="oc-3aa">
         <name>.text:clkFxn</name>
         <load_address>0x2000e3c2</load_address>
         <run_address>0x2000e3c2</run_address>
         <size>0x2</size>
         <input_file_ref idref="fl-16"/>
      </object_component>
      <object_component id="oc-3d5">
         <name>.text:PowerCC32XX_setParkState</name>
         <load_address>0x2000e3c4</load_address>
         <run_address>0x2000e3c4</run_address>
         <size>0x64</size>
         <input_file_ref idref="fl-10"/>
      </object_component>
      <object_component id="oc-4ff">
         <name>.text:UARTCC32XX_writePolling</name>
         <load_address>0x2000e428</load_address>
         <run_address>0x2000e428</run_address>
         <size>0x62</size>
         <input_file_ref idref="fl-12"/>
      </object_component>
      <object_component id="oc-6d">
         <name>.text:defaultHandler</name>
         <load_address>0x2000e48a</load_address>
         <run_address>0x2000e48a</run_address>
         <size>0x2</size>
         <input_file_ref idref="fl-1a"/>
      </object_component>
      <object_component id="oc-24f">
         <name>.text:PRCMSysResetCauseGet</name>
         <load_address>0x2000e48c</load_address>
         <run_address>0x2000e48c</run_address>
         <size>0x60</size>
         <input_file_ref idref="fl-20"/>
      </object_component>
      <object_component id="oc-2ad">
         <name>.text:GPIO_setCallback</name>
         <load_address>0x2000e4ec</load_address>
         <run_address>0x2000e4ec</run_address>
         <size>0x5c</size>
         <input_file_ref idref="fl-f"/>
      </object_component>
      <object_component id="oc-651">
         <name>.text:sysTickInit</name>
         <load_address>0x2000e548</load_address>
         <run_address>0x2000e548</run_address>
         <size>0x5c</size>
         <input_file_ref idref="fl-17"/>
      </object_component>
      <object_component id="oc-1cf">
         <name>.text:GPIO_write</name>
         <load_address>0x2000e5a4</load_address>
         <run_address>0x2000e5a4</run_address>
         <size>0x58</size>
         <input_file_ref idref="fl-f"/>
      </object_component>
      <object_component id="oc-268">
         <name>.text:PRCMPeripheralReset</name>
         <load_address>0x2000e5fc</load_address>
         <run_address>0x2000e5fc</run_address>
         <size>0x58</size>
         <input_file_ref idref="fl-20"/>
      </object_component>
      <object_component id="oc-5b0">
         <name>.text:Power_releaseDependency</name>
         <load_address>0x2000e654</load_address>
         <run_address>0x2000e654</run_address>
         <size>0x58</size>
         <input_file_ref idref="fl-10"/>
      </object_component>
      <object_component id="oc-729">
         <name>.text:ringBufGet</name>
         <load_address>0x2000e6ac</load_address>
         <run_address>0x2000e6ac</run_address>
         <size>0x54</size>
         <input_file_ref idref="fl-12"/>
      </object_component>
      <object_component id="oc-668">
         <name>.text:PowerCC32XX_resumeLPDS</name>
         <load_address>0x2000e700</load_address>
         <run_address>0x2000e700</run_address>
         <size>0x52</size>
         <input_file_ref idref="fl-11"/>
      </object_component>
      <object_component id="oc-67">
         <name>.text:faultISR</name>
         <load_address>0x2000e752</load_address>
         <run_address>0x2000e752</run_address>
         <size>0x2</size>
         <input_file_ref idref="fl-1a"/>
      </object_component>
      <object_component id="oc-79">
         <name>.text:ClockP_sysTickHandler</name>
         <load_address>0x2000e754</load_address>
         <run_address>0x2000e754</run_address>
         <size>0x50</size>
         <input_file_ref idref="fl-17"/>
      </object_component>
      <object_component id="oc-490">
         <name>.text:SemaphoreP_construct</name>
         <load_address>0x2000e7a4</load_address>
         <run_address>0x2000e7a4</run_address>
         <size>0x50</size>
         <input_file_ref idref="fl-16"/>
      </object_component>
      <object_component id="oc-3db">
         <name>.text:GPIO_enableInt</name>
         <load_address>0x2000e7f4</load_address>
         <run_address>0x2000e7f4</run_address>
         <size>0x4c</size>
         <input_file_ref idref="fl-f"/>
      </object_component>
      <object_component id="oc-65f">
         <name>.text:PowerCC32XX_parkPin</name>
         <load_address>0x2000e840</load_address>
         <run_address>0x2000e840</run_address>
         <size>0x4c</size>
         <input_file_ref idref="fl-10"/>
      </object_component>
      <object_component id="oc-562">
         <name>.text:restorePeriphClocks</name>
         <load_address>0x2000e88c</load_address>
         <run_address>0x2000e88c</run_address>
         <size>0x4c</size>
         <input_file_ref idref="fl-10"/>
      </object_component>
      <object_component id="oc-683">
         <name>.text:FlashDisable</name>
         <load_address>0x2000e8d8</load_address>
         <run_address>0x2000e8d8</run_address>
         <size>0x48</size>
         <input_file_ref idref="fl-23"/>
      </object_component>
      <object_component id="oc-56e">
         <name>.text:PRCMLPDSEnter</name>
         <load_address>0x2000e920</load_address>
         <run_address>0x2000e920</run_address>
         <size>0x48</size>
         <input_file_ref idref="fl-20"/>
      </object_component>
      <object_component id="oc-262">
         <name>.text:PRCMPeripheralClkEnable</name>
         <load_address>0x2000e968</load_address>
         <run_address>0x2000e968</run_address>
         <size>0x48</size>
         <input_file_ref idref="fl-20"/>
      </object_component>
      <object_component id="oc-5a4">
         <name>.text:Power_releaseConstraint</name>
         <load_address>0x2000e9b0</load_address>
         <run_address>0x2000e9b0</run_address>
         <size>0x48</size>
         <input_file_ref idref="fl-10"/>
      </object_component>
      <object_component id="oc-716">
         <name>.text:RingBuf_put</name>
         <load_address>0x2000e9f8</load_address>
         <run_address>0x2000e9f8</run_address>
         <size>0x46</size>
         <input_file_ref idref="fl-14"/>
      </object_component>
      <object_component id="oc-61">
         <name>.text:nmiISR</name>
         <load_address>0x2000ea3e</load_address>
         <run_address>0x2000ea3e</run_address>
         <size>0x2</size>
         <input_file_ref idref="fl-1a"/>
      </object_component>
      <object_component id="oc-4b8">
         <name>.text:ClockP_stop</name>
         <load_address>0x2000ea40</load_address>
         <run_address>0x2000ea40</run_address>
         <size>0x44</size>
         <input_file_ref idref="fl-17"/>
      </object_component>
      <object_component id="oc-66d">
         <name>.text:PRCMLPDSRestoreInfoSet</name>
         <load_address>0x2000ea84</load_address>
         <run_address>0x2000ea84</run_address>
         <size>0x44</size>
         <input_file_ref idref="fl-20"/>
      </object_component>
      <object_component id="oc-557">
         <name>.text:PowerCC32XX_enterLPDS</name>
         <load_address>0x2000eac8</load_address>
         <run_address>0x2000eac8</run_address>
         <size>0x44</size>
         <input_file_ref idref="fl-11"/>
      </object_component>
      <object_component id="oc-2b9">
         <name>.text:SemaphoreP_post</name>
         <load_address>0x2000eb0c</load_address>
         <run_address>0x2000eb0c</run_address>
         <size>0x44</size>
         <input_file_ref idref="fl-16"/>
      </object_component>
      <object_component id="oc-480">
         <name>.text:SwiP_restore</name>
         <load_address>0x2000eb50</load_address>
         <run_address>0x2000eb50</run_address>
         <size>0x44</size>
         <input_file_ref idref="fl-1b"/>
      </object_component>
      <object_component id="oc-1c3">
         <name>.text:UART_init</name>
         <load_address>0x2000eb94</load_address>
         <run_address>0x2000eb94</run_address>
         <size>0x44</size>
         <input_file_ref idref="fl-e"/>
      </object_component>
      <object_component id="oc-171">
         <name>.text:__TI_auto_init_nobinit_nopinit:__TI_auto_init_nobinit_nopinit</name>
         <load_address>0x2000ebd8</load_address>
         <run_address>0x2000ebd8</run_address>
         <size>0x44</size>
         <input_file_ref idref="fl-e3"/>
      </object_component>
      <object_component id="oc-6b2">
         <name>.text:ClockP_construct</name>
         <load_address>0x2000ec1c</load_address>
         <run_address>0x2000ec1c</run_address>
         <size>0x40</size>
         <input_file_ref idref="fl-17"/>
      </object_component>
      <object_component id="oc-27a">
         <name>.text:PinModeSet</name>
         <load_address>0x2000ec5c</load_address>
         <run_address>0x2000ec5c</run_address>
         <size>0x40</size>
         <input_file_ref idref="fl-1f"/>
      </object_component>
      <object_component id="oc-61e">
         <name>.text:RingBuf_get</name>
         <load_address>0x2000ec9c</load_address>
         <run_address>0x2000ec9c</run_address>
         <size>0x40</size>
         <input_file_ref idref="fl-14"/>
      </object_component>
      <object_component id="oc-4e7">
         <name>.text:UARTCC32XX_read</name>
         <load_address>0x2000ecdc</load_address>
         <run_address>0x2000ecdc</run_address>
         <size>0x40</size>
         <input_file_ref idref="fl-12"/>
      </object_component>
      <object_component id="oc-1db">
         <name>.text:UART_open</name>
         <load_address>0x2000ed1c</load_address>
         <run_address>0x2000ed1c</run_address>
         <size>0x40</size>
         <input_file_ref idref="fl-e"/>
      </object_component>
      <object_component id="oc-1f3">
         <name>.text:performAction</name>
         <load_address>0x2000ed5c</load_address>
         <run_address>0x2000ed5c</run_address>
         <size>0x40</size>
         <input_file_ref idref="fl-3"/>
      </object_component>
      <object_component id="oc-3a4">
         <name>.text:ClockP_destruct</name>
         <load_address>0x2000ed9c</load_address>
         <run_address>0x2000ed9c</run_address>
         <size>0x3c</size>
         <input_file_ref idref="fl-17"/>
      </object_component>
      <object_component id="oc-5c9">
         <name>.text:Power_setConstraint</name>
         <load_address>0x2000edd8</load_address>
         <run_address>0x2000edd8</run_address>
         <size>0x3c</size>
         <input_file_ref idref="fl-10"/>
      </object_component>
      <object_component id="oc-464">
         <name>.text:getCountsRTC</name>
         <load_address>0x2000ee14</load_address>
         <run_address>0x2000ee14</run_address>
         <size>0x3a</size>
         <input_file_ref idref="fl-19"/>
      </object_component>
      <object_component id="oc-53f">
         <name>.text</name>
         <load_address>0x2000ee4e</load_address>
         <run_address>0x2000ee4e</run_address>
         <size>0x2</size>
         <input_file_ref idref="fl-e1"/>
      </object_component>
      <object_component id="oc-574">
         <name>.text:PRCMLPDSEnterKeepDebugIf</name>
         <load_address>0x2000ee50</load_address>
         <run_address>0x2000ee50</run_address>
         <size>0x38</size>
         <input_file_ref idref="fl-20"/>
      </object_component>
      <object_component id="oc-db">
         <name>.text:addToList</name>
         <load_address>0x2000ee88</load_address>
         <run_address>0x2000ee88</run_address>
         <size>0x38</size>
         <input_file_ref idref="fl-17"/>
      </object_component>
      <object_component id="oc-59">
         <name>.text:initVectors</name>
         <load_address>0x2000eec0</load_address>
         <run_address>0x2000eec0</run_address>
         <size>0x38</size>
         <input_file_ref idref="fl-1a"/>
      </object_component>
      <object_component id="oc-545">
         <name>.text:notify</name>
         <load_address>0x2000eef8</load_address>
         <run_address>0x2000eef8</run_address>
         <size>0x38</size>
         <input_file_ref idref="fl-10"/>
      </object_component>
      <object_component id="oc-4f3">
         <name>.text:UARTCC32XX_readCancel</name>
         <load_address>0x2000ef30</load_address>
         <run_address>0x2000ef30</run_address>
         <size>0x36</size>
         <input_file_ref idref="fl-12"/>
      </object_component>
      <object_component id="oc-452">
         <name>.text:ClockP_getTicksUntilInterrupt</name>
         <load_address>0x2000ef68</load_address>
         <run_address>0x2000ef68</run_address>
         <size>0x34</size>
         <input_file_ref idref="fl-17"/>
      </object_component>
      <object_component id="oc-536">
         <name>.text:ClockP_startup</name>
         <load_address>0x2000ef9c</load_address>
         <run_address>0x2000ef9c</run_address>
         <size>0x34</size>
         <input_file_ref idref="fl-17"/>
      </object_component>
      <object_component id="oc-274">
         <name>.text:PinModeGet</name>
         <load_address>0x2000efd0</load_address>
         <run_address>0x2000efd0</run_address>
         <size>0x34</size>
         <input_file_ref idref="fl-1f"/>
      </object_component>
      <object_component id="oc-5b6">
         <name>.text:PowerCC32XX_restoreParkState</name>
         <load_address>0x2000f004</load_address>
         <run_address>0x2000f004</run_address>
         <size>0x34</size>
         <input_file_ref idref="fl-10"/>
      </object_component>
      <object_component id="oc-392">
         <name>.text:ClockP_start</name>
         <load_address>0x2000f038</load_address>
         <run_address>0x2000f038</run_address>
         <size>0x30</size>
         <input_file_ref idref="fl-17"/>
      </object_component>
      <object_component id="oc-67c">
         <name>.text:PowerCC32XX_restoreParkedPin</name>
         <load_address>0x2000f068</load_address>
         <run_address>0x2000f068</run_address>
         <size>0x30</size>
         <input_file_ref idref="fl-10"/>
      </object_component>
      <object_component id="oc-5e3">
         <name>.text:PowerCC32XX_getParkState</name>
         <load_address>0x2000f098</load_address>
         <run_address>0x2000f098</run_address>
         <size>0x2c</size>
         <input_file_ref idref="fl-10"/>
      </object_component>
      <object_component id="oc-2ef">
         <name>.text:HwiP_create</name>
         <load_address>0x2000f0c4</load_address>
         <run_address>0x2000f0c4</run_address>
         <size>0x2a</size>
         <input_file_ref idref="fl-18"/>
      </object_component>
      <object_component id="oc-26e">
         <name>.text:PRCMPeripheralClkDisable</name>
         <load_address>0x2000f0f0</load_address>
         <run_address>0x2000f0f0</run_address>
         <size>0x28</size>
         <input_file_ref idref="fl-20"/>
      </object_component>
      <object_component id="oc-2b3">
         <name>.text:Power_registerNotify</name>
         <load_address>0x2000f118</load_address>
         <run_address>0x2000f118</run_address>
         <size>0x28</size>
         <input_file_ref idref="fl-10"/>
      </object_component>
      <object_component id="oc-4b0">
         <name>.text:free_list_insert</name>
         <load_address>0x2000f140</load_address>
         <run_address>0x2000f140</run_address>
         <size>0x28</size>
         <input_file_ref idref="fl-df"/>
      </object_component>
      <object_component id="oc-3b5">
         <name>.text:List_put</name>
         <load_address>0x2000f168</load_address>
         <run_address>0x2000f168</run_address>
         <size>0x26</size>
         <input_file_ref idref="fl-13"/>
      </object_component>
      <object_component id="oc-6a0">
         <name>.text:List_remove</name>
         <load_address>0x2000f18e</load_address>
         <run_address>0x2000f18e</run_address>
         <size>0x26</size>
         <input_file_ref idref="fl-13"/>
      </object_component>
      <object_component id="oc-51d">
         <name>.text:HwiP_dispatch</name>
         <load_address>0x2000f1b4</load_address>
         <run_address>0x2000f1b4</run_address>
         <size>0x24</size>
         <input_file_ref idref="fl-18"/>
      </object_component>
      <object_component id="oc-5dd">
         <name>.text:PowerCC32XX_reset</name>
         <load_address>0x2000f1d8</load_address>
         <run_address>0x2000f1d8</run_address>
         <size>0x24</size>
         <input_file_ref idref="fl-10"/>
      </object_component>
      <object_component id="oc-c5">
         <name>.text:_c_int00_noargs:_c_int00_noargs</name>
         <load_address>0x2000f1fc</load_address>
         <run_address>0x2000f1fc</run_address>
         <size>0x24</size>
         <input_file_ref idref="fl-e0"/>
      </object_component>
      <object_component id="oc-697">
         <name>.text:HwiP_destruct</name>
         <load_address>0x2000f220</load_address>
         <run_address>0x2000f220</run_address>
         <size>0x20</size>
         <input_file_ref idref="fl-18"/>
      </object_component>
      <object_component id="oc-5aa">
         <name>.text:Power_unregisterNotify</name>
         <load_address>0x2000f240</load_address>
         <run_address>0x2000f240</run_address>
         <size>0x20</size>
         <input_file_ref idref="fl-10"/>
      </object_component>
      <object_component id="oc-5c3">
         <name>.text:RingBuf_peek</name>
         <load_address>0x2000f260</load_address>
         <run_address>0x2000f260</run_address>
         <size>0x20</size>
         <input_file_ref idref="fl-14"/>
      </object_component>
      <object_component id="oc-5d7">
         <name>.text:getPowerMgrId</name>
         <load_address>0x2000f280</load_address>
         <run_address>0x2000f280</run_address>
         <size>0x20</size>
         <input_file_ref idref="fl-12"/>
      </object_component>
      <object_component id="oc-5bc">
         <name>.text:PinToPadGet</name>
         <load_address>0x2000f2a0</load_address>
         <run_address>0x2000f2a0</run_address>
         <size>0x1c</size>
         <input_file_ref idref="fl-1f"/>
      </object_component>
      <object_component id="oc-446">
         <name>.text:SwiP_disable</name>
         <load_address>0x2000f2bc</load_address>
         <run_address>0x2000f2bc</run_address>
         <size>0x1c</size>
         <input_file_ref idref="fl-1b"/>
      </object_component>
      <object_component id="oc-47">
         <name>.text:decompress:ZI:__TI_zero_init_nomemset:__TI_zero_init_nomemset</name>
         <load_address>0x2000f2d8</load_address>
         <run_address>0x2000f2d8</run_address>
         <size>0x1c</size>
         <input_file_ref idref="fl-dc"/>
      </object_component>
      <object_component id="oc-4aa">
         <name>.text:free_list_remove</name>
         <load_address>0x2000f2f4</load_address>
         <run_address>0x2000f2f4</run_address>
         <size>0x1c</size>
         <input_file_ref idref="fl-df"/>
      </object_component>
      <object_component id="oc-5ef">
         <name>.text:ClockP_create</name>
         <load_address>0x2000f310</load_address>
         <run_address>0x2000f310</run_address>
         <size>0x1a</size>
         <input_file_ref idref="fl-17"/>
      </object_component>
      <object_component id="oc-28f">
         <name>.text:SemaphoreP_createBinary</name>
         <load_address>0x2000f32a</load_address>
         <run_address>0x2000f32a</run_address>
         <size>0x1a</size>
         <input_file_ref idref="fl-16"/>
      </object_component>
      <object_component id="oc-21">
         <name>.text:resetISR</name>
         <load_address>0x2000f344</load_address>
         <run_address>0x2000f344</run_address>
         <size>0x1a</size>
         <input_file_ref idref="fl-1a"/>
      </object_component>
      <object_component id="oc-458">
         <name>.text:Power_getTransitionLatency</name>
         <load_address>0x2000f360</load_address>
         <run_address>0x2000f360</run_address>
         <size>0x18</size>
         <input_file_ref idref="fl-10"/>
      </object_component>
      <object_component id="oc-587">
         <name>.text:Power_idleFunc</name>
         <load_address>0x2000f378</load_address>
         <run_address>0x2000f378</run_address>
         <size>0x18</size>
         <input_file_ref idref="fl-10"/>
      </object_component>
      <object_component id="oc-626">
         <name>.text:UARTBusy</name>
         <load_address>0x2000f390</load_address>
         <run_address>0x2000f390</run_address>
         <size>0x18</size>
         <input_file_ref idref="fl-21"/>
      </object_component>
      <object_component id="oc-6f6">
         <name>.text:UARTIntEnable</name>
         <load_address>0x2000f3a8</load_address>
         <run_address>0x2000f3a8</run_address>
         <size>0x18</size>
         <input_file_ref idref="fl-21"/>
      </object_component>
      <object_component id="oc-1d5">
         <name>.text:UART_Params_init</name>
         <load_address>0x2000f3c0</load_address>
         <run_address>0x2000f3c0</run_address>
         <size>0x18</size>
         <input_file_ref idref="fl-e"/>
      </object_component>
      <object_component id="oc-475">
         <name>.text</name>
         <load_address>0x2000f3d8</load_address>
         <run_address>0x2000f3d8</run_address>
         <size>0x18</size>
         <input_file_ref idref="fl-d9"/>
      </object_component>
      <object_component id="oc-25c">
         <name>.text:PRCMHIBRegRead</name>
         <load_address>0x2000f3f0</load_address>
         <run_address>0x2000f3f0</run_address>
         <size>0x16</size>
         <input_file_ref idref="fl-20"/>
      </object_component>
      <object_component id="oc-256">
         <name>.text:PRCMHIBRegWrite</name>
         <load_address>0x2000f406</load_address>
         <run_address>0x2000f406</run_address>
         <size>0x16</size>
         <input_file_ref idref="fl-20"/>
      </object_component>
      <object_component id="oc-37a">
         <name>.text:SemaphoreP_create</name>
         <load_address>0x2000f41c</load_address>
         <run_address>0x2000f41c</run_address>
         <size>0x16</size>
         <input_file_ref idref="fl-16"/>
      </object_component>
      <object_component id="oc-a3">
         <name>.text:CPUcpsid</name>
         <load_address>0x2000f432</load_address>
         <run_address>0x2000f432</run_address>
         <size>0x14</size>
         <input_file_ref idref="fl-1d"/>
      </object_component>
      <object_component id="oc-3bc">
         <name>.text:HwiP_inISR</name>
         <load_address>0x2000f448</load_address>
         <run_address>0x2000f448</run_address>
         <size>0x14</size>
         <input_file_ref idref="fl-18"/>
      </object_component>
      <object_component id="oc-af">
         <name>.text:IntVTableBaseSet</name>
         <load_address>0x2000f45c</load_address>
         <run_address>0x2000f45c</run_address>
         <size>0x14</size>
         <input_file_ref idref="fl-1e"/>
      </object_component>
      <object_component id="oc-3c2">
         <name>.text:Power_disablePolicy</name>
         <load_address>0x2000f470</load_address>
         <run_address>0x2000f470</run_address>
         <size>0x14</size>
         <input_file_ref idref="fl-10"/>
      </object_component>
      <object_component id="oc-675">
         <name>.text:Power_getDependencyCount</name>
         <load_address>0x2000f484</load_address>
         <run_address>0x2000f484</run_address>
         <size>0x14</size>
         <input_file_ref idref="fl-10"/>
      </object_component>
      <object_component id="oc-6f0">
         <name>.text:releasePowerConstraint</name>
         <load_address>0x2000f498</load_address>
         <run_address>0x2000f498</run_address>
         <size>0x14</size>
         <input_file_ref idref="fl-12"/>
      </object_component>
      <object_component id="oc-2e9">
         <name>.text:HwiP_Params_init</name>
         <load_address>0x2000f4ac</load_address>
         <run_address>0x2000f4ac</run_address>
         <size>0x12</size>
         <input_file_ref idref="fl-18"/>
      </object_component>
      <object_component id="oc-5d1">
         <name>.text:RingBuf_construct</name>
         <load_address>0x2000f4be</load_address>
         <run_address>0x2000f4be</run_address>
         <size>0x12</size>
         <input_file_ref idref="fl-14"/>
      </object_component>
      <object_component id="oc-11a">
         <name>.text:main</name>
         <load_address>0x2000f4d0</load_address>
         <run_address>0x2000f4d0</run_address>
         <size>0x12</size>
         <input_file_ref idref="fl-2"/>
      </object_component>
      <object_component id="oc-152">
         <name>.text:Board_init</name>
         <load_address>0x2000f4e2</load_address>
         <run_address>0x2000f4e2</run_address>
         <size>0x10</size>
         <input_file_ref idref="fl-4"/>
      </object_component>
      <object_component id="oc-38c">
         <name>.text:ClockP_add</name>
         <load_address>0x2000f4f2</load_address>
         <run_address>0x2000f4f2</run_address>
         <size>0x10</size>
         <input_file_ref idref="fl-17"/>
      </object_component>
      <object_component id="oc-59e">
         <name>.text:ClockP_delete</name>
         <load_address>0x2000f502</load_address>
         <run_address>0x2000f502</run_address>
         <size>0x10</size>
         <input_file_ref idref="fl-17"/>
      </object_component>
      <object_component id="oc-440">
         <name>.text:ClockP_getCpuFreq</name>
         <load_address>0x2000f514</load_address>
         <run_address>0x2000f514</run_address>
         <size>0x10</size>
         <input_file_ref idref="fl-17"/>
      </object_component>
      <object_component id="oc-45e">
         <name>.text:ClockP_getSystemTicks</name>
         <load_address>0x2000f524</load_address>
         <run_address>0x2000f524</run_address>
         <size>0x10</size>
         <input_file_ref idref="fl-17"/>
      </object_component>
      <object_component id="oc-47a">
         <name>.text:ClockP_setTicks</name>
         <load_address>0x2000f534</load_address>
         <run_address>0x2000f534</run_address>
         <size>0x10</size>
         <input_file_ref idref="fl-17"/>
      </object_component>
      <object_component id="oc-598">
         <name>.text:HwiP_delete</name>
         <load_address>0x2000f544</load_address>
         <run_address>0x2000f544</run_address>
         <size>0x10</size>
         <input_file_ref idref="fl-18"/>
      </object_component>
      <object_component id="oc-29b">
         <name>.text:HwiP_restore</name>
         <load_address>0x2000f554</load_address>
         <run_address>0x2000f554</run_address>
         <size>0x10</size>
         <input_file_ref idref="fl-18"/>
      </object_component>
      <object_component id="oc-398">
         <name>.text:Power_enablePolicy</name>
         <load_address>0x2000f564</load_address>
         <run_address>0x2000f564</run_address>
         <size>0x10</size>
         <input_file_ref idref="fl-10"/>
      </object_component>
      <object_component id="oc-374">
         <name>.text:SemaphoreP_Params_init</name>
         <load_address>0x2000f574</load_address>
         <run_address>0x2000f574</run_address>
         <size>0x10</size>
         <input_file_ref idref="fl-16"/>
      </object_component>
      <object_component id="oc-616">
         <name>.text:readBlockingTimeout</name>
         <load_address>0x2000f584</load_address>
         <run_address>0x2000f584</run_address>
         <size>0x10</size>
         <input_file_ref idref="fl-12"/>
      </object_component>
      <object_component id="oc-295">
         <name>.text:HwiP_disable</name>
         <load_address>0x2000f594</load_address>
         <run_address>0x2000f594</run_address>
         <size>0xe</size>
         <input_file_ref idref="fl-18"/>
      </object_component>
      <object_component id="oc-158">
         <name>.text:HwiP_enable</name>
         <load_address>0x2000f5a2</load_address>
         <run_address>0x2000f5a2</run_address>
         <size>0xe</size>
         <input_file_ref idref="fl-18"/>
      </object_component>
      <object_component id="oc-71c">
         <name>.text:RingBuf_isFull</name>
         <load_address>0x2000f5b0</load_address>
         <run_address>0x2000f5b0</run_address>
         <size>0xe</size>
         <input_file_ref idref="fl-14"/>
      </object_component>
      <object_component id="oc-1a">
         <name>.text:decompress:none:__TI_decompress_none</name>
         <load_address>0x2000f5be</load_address>
         <run_address>0x2000f5be</run_address>
         <size>0xe</size>
         <input_file_ref idref="fl-dd"/>
      </object_component>
      <object_component id="oc-44c">
         <name>.text:Power_getConstraintMask</name>
         <load_address>0x2000f5cc</load_address>
         <run_address>0x2000f5cc</run_address>
         <size>0xc</size>
         <input_file_ref idref="fl-10"/>
      </object_component>
      <object_component id="oc-5fe">
         <name>.text:postNotifyFxn</name>
         <load_address>0x2000f5d8</load_address>
         <run_address>0x2000f5d8</run_address>
         <size>0xc</size>
         <input_file_ref idref="fl-12"/>
      </object_component>
      <object_component id="oc-5e9">
         <name>.text:ClockP_Params_init</name>
         <load_address>0x2000f5e4</load_address>
         <run_address>0x2000f5e4</run_address>
         <size>0xa</size>
         <input_file_ref idref="fl-17"/>
      </object_component>
      <object_component id="oc-39e">
         <name>.text:ClockP_isActive</name>
         <load_address>0x2000f5ee</load_address>
         <run_address>0x2000f5ee</run_address>
         <size>0xa</size>
         <input_file_ref idref="fl-17"/>
      </object_component>
      <object_component id="oc-53">
         <name>.text:IntMasterDisable</name>
         <load_address>0x2000f5f8</load_address>
         <run_address>0x2000f5f8</run_address>
         <size>0xa</size>
         <input_file_ref idref="fl-1e"/>
      </object_component>
      <object_component id="oc-1e7">
         <name>.text:UART_read</name>
         <load_address>0x2000f602</load_address>
         <run_address>0x2000f602</run_address>
         <size>0xa</size>
         <input_file_ref idref="fl-e"/>
      </object_component>
      <object_component id="oc-1e1">
         <name>.text:UART_write</name>
         <load_address>0x2000f60c</load_address>
         <run_address>0x2000f60c</run_address>
         <size>0xa</size>
         <input_file_ref idref="fl-e"/>
      </object_component>
      <object_component id="oc-3f4">
         <name>.text:malloc</name>
         <load_address>0x2000f616</load_address>
         <run_address>0x2000f616</run_address>
         <size>0x8</size>
         <input_file_ref idref="fl-df"/>
      </object_component>
      <object_component id="oc-610">
         <name>.text:readSemCallback</name>
         <load_address>0x2000f61e</load_address>
         <run_address>0x2000f61e</run_address>
         <size>0x8</size>
         <input_file_ref idref="fl-12"/>
      </object_component>
      <object_component id="oc-60a">
         <name>.text:writeSemCallback</name>
         <load_address>0x2000f626</load_address>
         <run_address>0x2000f626</run_address>
         <size>0x8</size>
         <input_file_ref idref="fl-12"/>
      </object_component>
      <object_component id="oc-255">
         <name>.text:UtilsDelay</name>
         <load_address>0x2000f62e</load_address>
         <run_address>0x2000f62e</run_address>
         <size>0x6</size>
         <input_file_ref idref="fl-22"/>
      </object_component>
      <object_component id="oc-723">
         <name>.text:ClockP_setTimeout</name>
         <load_address>0x2000f634</load_address>
         <run_address>0x2000f634</run_address>
         <size>0x4</size>
         <input_file_ref idref="fl-17"/>
      </object_component>
      <object_component id="oc-57d">
         <name>.text:HwiP_post</name>
         <load_address>0x2000f638</load_address>
         <run_address>0x2000f638</run_address>
         <size>0x4</size>
         <input_file_ref idref="fl-18"/>
      </object_component>
      <object_component id="oc-2a1">
         <name>.text:SemaphoreP_delete</name>
         <load_address>0x2000f63c</load_address>
         <run_address>0x2000f63c</run_address>
         <size>0x4</size>
         <input_file_ref idref="fl-16"/>
      </object_component>
      <object_component id="oc-114">
         <name>.text:_system_pre_init</name>
         <load_address>0x2000f640</load_address>
         <run_address>0x2000f640</run_address>
         <size>0x4</size>
         <input_file_ref idref="fl-e4"/>
      </object_component>
      <object_component id="oc-165">
         <name>.text:abort:abort</name>
         <load_address>0x2000f644</load_address>
         <run_address>0x2000f644</run_address>
         <size>0x4</size>
         <input_file_ref idref="fl-e6"/>
      </object_component>
      <object_component id="oc-359">
         <name>.const:g_ulPinToPadMap</name>
         <load_address>0x2000fbf4</load_address>
         <run_address>0x2000fbf4</run_address>
         <size>0x100</size>
         <input_file_ref idref="fl-1f"/>
      </object_component>
      <object_component id="oc-352">
         <name>.const:PRCM_PeriphRegsList</name>
         <load_address>0x2000fcf4</load_address>
         <run_address>0x2000fcf4</run_address>
         <size>0xa8</size>
         <input_file_ref idref="fl-20"/>
      </object_component>
      <object_component id="oc-28a">
         <name>.const:PowerCC32XX_config</name>
         <load_address>0x2000fd9c</load_address>
         <run_address>0x2000fd9c</run_address>
         <size>0x44</size>
         <input_file_ref idref="fl-4"/>
      </object_component>
      <object_component id="oc-3e8">
         <name>.const:UARTCC32XX_fxnTable</name>
         <load_address>0x2000fde0</load_address>
         <run_address>0x2000fde0</run_address>
         <size>0x28</size>
         <input_file_ref idref="fl-12"/>
      </object_component>
      <object_component id="oc-31b">
         <name>.const:UART_defaultParams</name>
         <load_address>0x2000fe08</load_address>
         <run_address>0x2000fe08</run_address>
         <size>0x24</size>
         <input_file_ref idref="fl-e"/>
      </object_component>
      <object_component id="oc-3ec">
         <name>.const:uartCC32XXHWAttrs0</name>
         <load_address>0x2000fe2c</load_address>
         <run_address>0x2000fe2c</run_address>
         <size>0x24</size>
         <input_file_ref idref="fl-4"/>
      </object_component>
      <object_component id="oc-2f5">
         <name>.const:.string:pinTable</name>
         <load_address>0x2000fe50</load_address>
         <run_address>0x2000fe50</run_address>
         <size>0x21</size>
         <input_file_ref idref="fl-f"/>
      </object_component>
      <object_component id="oc-2d6">
         <name>.const</name>
         <load_address>0x2000fe71</load_address>
         <run_address>0x2000fe71</run_address>
         <size>0x3</size>
         <input_file_ref idref="fl-4"/>
      </object_component>
      <object_component id="oc-5fb">
         <name>.const:staticFxnTable</name>
         <load_address>0x2000fe74</load_address>
         <run_address>0x2000fe74</run_address>
         <size>0x20</size>
         <input_file_ref idref="fl-12"/>
      </object_component>
      <object_component id="oc-10e">
         <name>.const:g_pulEnRegs</name>
         <load_address>0x2000fe94</load_address>
         <run_address>0x2000fe94</run_address>
         <size>0x18</size>
         <input_file_ref idref="fl-1e"/>
      </object_component>
      <object_component id="oc-707">
         <name>.const:g_pulPendRegs</name>
         <load_address>0x2000feac</load_address>
         <run_address>0x2000feac</run_address>
         <size>0x18</size>
         <input_file_ref idref="fl-1e"/>
      </object_component>
      <object_component id="oc-1f9">
         <name>.const:.string:$P$T0$1</name>
         <load_address>0x2000fec4</load_address>
         <run_address>0x2000fec4</run_address>
         <size>0x16</size>
         <input_file_ref idref="fl-3"/>
      </object_component>
      <object_component id="oc-2c3">
         <name>.const:GPIOCC32XX_config</name>
         <load_address>0x2000fedc</load_address>
         <run_address>0x2000fedc</run_address>
         <size>0x14</size>
         <input_file_ref idref="fl-4"/>
      </object_component>
      <object_component id="oc-310">
         <name>.const:gpioBaseAddresses</name>
         <load_address>0x2000fef0</load_address>
         <run_address>0x2000fef0</run_address>
         <size>0x14</size>
         <input_file_ref idref="fl-f"/>
      </object_component>
      <object_component id="oc-6b9">
         <name>.const:parityType</name>
         <load_address>0x2000ff04</load_address>
         <run_address>0x2000ff04</run_address>
         <size>0x14</size>
         <input_file_ref idref="fl-12"/>
      </object_component>
      <object_component id="oc-2f8">
         <name>.const:powerResources</name>
         <load_address>0x2000ff18</load_address>
         <run_address>0x2000ff18</run_address>
         <size>0x14</size>
         <input_file_ref idref="fl-f"/>
      </object_component>
      <object_component id="oc-6bf">
         <name>.const:dataLength</name>
         <load_address>0x2000ff2c</load_address>
         <run_address>0x2000ff2c</run_address>
         <size>0x10</size>
         <input_file_ref idref="fl-12"/>
      </object_component>
      <object_component id="oc-2d9">
         <name>.const:UART_config</name>
         <load_address>0x2000ff3c</load_address>
         <run_address>0x2000ff3c</run_address>
         <size>0xc</size>
         <input_file_ref idref="fl-4"/>
      </object_component>
      <object_component id="oc-2fe">
         <name>.const:outPinTypes</name>
         <load_address>0x2000ff48</load_address>
         <run_address>0x2000ff48</run_address>
         <size>0x8</size>
         <input_file_ref idref="fl-f"/>
      </object_component>
      <object_component id="oc-6bc">
         <name>.const:stopBits</name>
         <load_address>0x2000ff50</load_address>
         <run_address>0x2000ff50</run_address>
         <size>0x8</size>
         <input_file_ref idref="fl-12"/>
      </object_component>
      <object_component id="oc-30d">
         <name>.const:.string:interruptType</name>
         <load_address>0x2000ff58</load_address>
         <run_address>0x2000ff58</run_address>
         <size>0x6</size>
         <input_file_ref idref="fl-f"/>
      </object_component>
      <object_component id="oc-301">
         <name>.const:inPinTypes</name>
         <load_address>0x2000ff5e</load_address>
         <run_address>0x2000ff5e</run_address>
         <size>0x6</size>
         <input_file_ref idref="fl-f"/>
      </object_component>
      <object_component id="oc-2fb">
         <name>.const:outPinStrengths</name>
         <load_address>0x2000ff64</load_address>
         <run_address>0x2000ff64</run_address>
         <size>0x6</size>
         <input_file_ref idref="fl-f"/>
      </object_component>
      <object_component id="oc-304">
         <name>.const:.string:portInterruptIds</name>
         <load_address>0x2000ff6a</load_address>
         <run_address>0x2000ff6a</run_address>
         <size>0x4</size>
         <input_file_ref idref="fl-f"/>
      </object_component>
      <object_component id="oc-76a">
         <name>.cinit..data.load</name>
         <load_address>0x200101a0</load_address>
         <run_address>0x200101a0</run_address>
         <size>0xbe</size>
      </object_component>
      <object_component id="oc-768">
         <name>__TI_handler_table</name>
         <load_address>0x20010260</load_address>
         <run_address>0x20010260</run_address>
         <size>0xc</size>
      </object_component>
      <object_component id="oc-76b">
         <name>.cinit..bss.load</name>
         <load_address>0x20010270</load_address>
         <run_address>0x20010270</run_address>
         <size>0x8</size>
      </object_component>
      <object_component id="oc-769">
         <name>__TI_cinit_table</name>
         <load_address>0x20010278</load_address>
         <run_address>0x20010278</run_address>
         <size>0x10</size>
      </object_component>
      <object_component id="oc-3cb">
         <name>.data:gpioPinConfigs</name>
         <load_address>0x2000fbf0</load_address>
         <run_address>0x2000fbf0</run_address>
         <size>0x4</size>
         <input_file_ref idref="fl-4"/>
      </object_component>
      <object_component id="oc-3ce">
         <name>.data:gpioCallbackFunctions</name>
         <load_address>0x2000fbec</load_address>
         <run_address>0x2000fbec</run_address>
         <size>0x4</size>
         <input_file_ref idref="fl-4"/>
      </object_component>
      <object_component id="oc-36f">
         <name>.data:parkInfo</name>
         <load_address>0x2000fac0</load_address>
         <run_address>0x2000fac0</run_address>
         <size>0xf8</size>
         <input_file_ref idref="fl-4"/>
      </object_component>
      <object_component id="oc-2d3">
         <name>.data</name>
         <load_address>0x2000fbe9</load_address>
         <run_address>0x2000fbe9</run_address>
         <size>0x1</size>
         <input_file_ref idref="fl-e"/>
      </object_component>
      <object_component id="oc-2c0">
         <name>.data</name>
         <load_address>0x2000fbb8</load_address>
         <run_address>0x2000fbb8</run_address>
         <size>0x9</size>
         <input_file_ref idref="fl-f"/>
      </object_component>
      <object_component id="oc-287">
         <name>.data:PowerCC32XX_module</name>
         <load_address>0x2000f954</load_address>
         <run_address>0x2000f954</run_address>
         <size>0x16c</size>
         <input_file_ref idref="fl-10"/>
      </object_component>
      <object_component id="oc-3b0">
         <name>.data</name>
         <load_address>0x2000fbc1</load_address>
         <run_address>0x2000fbc1</run_address>
         <size>0x3</size>
         <input_file_ref idref="fl-16"/>
      </object_component>
      <object_component id="oc-48c">
         <name>.data:SemaphoreP_defaultParams</name>
         <load_address>0x2000fbd4</load_address>
         <run_address>0x2000fbd4</run_address>
         <size>0x8</size>
         <input_file_ref idref="fl-16"/>
      </object_component>
      <object_component id="oc-486">
         <name>.data</name>
         <load_address>0x2000fbe4</load_address>
         <run_address>0x2000fbe4</run_address>
         <size>0x5</size>
         <input_file_ref idref="fl-17"/>
      </object_component>
      <object_component id="oc-51a">
         <name>.data:HwiP_dispatchTable</name>
         <load_address>0x2000f648</load_address>
         <run_address>0x2000f648</run_address>
         <size>0x30c</size>
         <input_file_ref idref="fl-18"/>
      </object_component>
      <object_component id="oc-523">
         <name>.data</name>
         <load_address>0x2000fbdc</load_address>
         <run_address>0x2000fbdc</run_address>
         <size>0x8</size>
         <input_file_ref idref="fl-18"/>
      </object_component>
      <object_component id="oc-590">
         <name>.data:$O1$$</name>
         <load_address>0x2000fbcc</load_address>
         <run_address>0x2000fbcc</run_address>
         <size>0x8</size>
         <input_file_ref idref="fl-df"/>
      </object_component>
      <object_component id="oc-209">
         <name>.data:$O1$$</name>
         <load_address>0x2000fbc4</load_address>
         <run_address>0x2000fbc4</run_address>
         <size>0x8</size>
         <input_file_ref idref="fl-e7"/>
      </object_component>
      <object_component id="oc-50e">
         <name>.bss:uartCC32XXRingBuffer0</name>
         <uninitialized>true</uninitialized>
         <run_address>0x20010140</run_address>
         <size>0x20</size>
         <input_file_ref idref="fl-4"/>
      </object_component>
      <object_component id="oc-2cf">
         <name>.bss:gpioCallbackInfo</name>
         <uninitialized>true</uninitialized>
         <run_address>0x20010120</run_address>
         <size>0x20</size>
         <input_file_ref idref="fl-f"/>
      </object_component>
      <object_component id="oc-2c6">
         <name>.bss:powerNotifyObj</name>
         <uninitialized>true</uninitialized>
         <run_address>0x20010160</run_address>
         <size>0x14</size>
         <input_file_ref idref="fl-f"/>
      </object_component>
      <object_component id="oc-2bf">
         <name>.bss</name>
         <uninitialized>true</uninitialized>
         <run_address>0x20010174</run_address>
         <size>0x4</size>
         <input_file_ref idref="fl-f"/>
      </object_component>
      <object_component id="oc-657">
         <name>.bss</name>
         <uninitialized>true</uninitialized>
         <run_address>0x20010198</run_address>
         <size>0x4</size>
         <input_file_ref idref="fl-17"/>
      </object_component>
      <object_component id="oc-52a">
         <name>.bss</name>
         <uninitialized>true</uninitialized>
         <run_address>0x20010188</run_address>
         <size>0xd</size>
         <input_file_ref idref="fl-1b"/>
      </object_component>
      <object_component id="oc-1fc">
         <name>.common:uart</name>
         <uninitialized>true</uninitialized>
         <run_address>0x2001019c</run_address>
         <size>0x4</size>
      </object_component>
      <object_component id="oc-3eb">
         <name>.common:uartCC32XXObjects0</name>
         <uninitialized>true</uninitialized>
         <run_address>0x2001009c</run_address>
         <size>0x84</size>
      </object_component>
      <object_component id="oc-666">
         <name>.common:PowerCC32XX_contextSave</name>
         <uninitialized>true</uninitialized>
         <run_address>0x2000ff70</run_address>
         <size>0x12c</size>
      </object_component>
      <object_component id="oc-e1">
         <name>.common:ClockP_ctrl</name>
         <uninitialized>true</uninitialized>
         <run_address>0x20010178</run_address>
         <size>0x10</size>
      </object_component>
      <object_component id="oc-2a">
         <name>.sysmem</name>
         <uninitialized>true</uninitialized>
         <run_address>0x20004040</run_address>
         <size>0x10</size>
         <input_file_ref idref="fl-df"/>
      </object_component>
      <object_component id="oc-76e">
         <name>.sysmem</name>
         <uninitialized>true</uninitialized>
         <run_address>0x20004040</run_address>
         <size>0x0</size>
      </object_component>
      <object_component id="oc-2d">
         <name>.stack</name>
         <uninitialized>true</uninitialized>
         <run_address>0x20003000</run_address>
         <size>0x4</size>
         <input_file_ref idref="fl-e0"/>
      </object_component>
      <object_component id="oc-76d">
         <name>.stack</name>
         <uninitialized>true</uninitialized>
         <run_address>0x20003000</run_address>
         <size>0x0</size>
      </object_component>
      <object_component id="oc-27">
         <name>.resetVecs:retain</name>
         <load_address>0x20004000</load_address>
         <run_address>0x20004000</run_address>
         <size>0x40</size>
         <input_file_ref idref="fl-1a"/>
      </object_component>
      <object_component id="oc-bb">
         <name>.ramVecs</name>
         <uninitialized>true</uninitialized>
         <run_address>0x20000000</run_address>
         <size>0x30c</size>
         <input_file_ref idref="fl-1a"/>
      </object_component>
      <object_component id="oc-14d">
         <name>.debug_info</name>
         <load_address>0x0</load_address>
         <run_address>0x0</run_address>
         <size>0x1c1</size>
         <input_file_ref idref="fl-2"/>
      </object_component>
      <object_component id="oc-11d">
         <name>.debug_info</name>
         <load_address>0x1c1</load_address>
         <run_address>0x1c1</run_address>
         <size>0x159</size>
         <input_file_ref idref="fl-2"/>
      </object_component>
      <object_component id="oc-e7">
         <name>.debug_info</name>
         <load_address>0x31a</load_address>
         <run_address>0x31a</run_address>
         <size>0x26b</size>
         <input_file_ref idref="fl-2"/>
      </object_component>
      <object_component id="oc-36">
         <name>.debug_info</name>
         <load_address>0x585</load_address>
         <run_address>0x585</run_address>
         <size>0x84</size>
         <input_file_ref idref="fl-2"/>
      </object_component>
      <object_component id="oc-148">
         <name>.debug_info</name>
         <load_address>0x609</load_address>
         <run_address>0x609</run_address>
         <size>0x2a4</size>
         <input_file_ref idref="fl-2"/>
      </object_component>
      <object_component id="oc-227">
         <name>.debug_info</name>
         <load_address>0x8ad</load_address>
         <run_address>0x8ad</run_address>
         <size>0xef</size>
         <input_file_ref idref="fl-2"/>
      </object_component>
      <object_component id="oc-12f">
         <name>.debug_info</name>
         <load_address>0x99c</load_address>
         <run_address>0x99c</run_address>
         <size>0xbb</size>
         <input_file_ref idref="fl-2"/>
      </object_component>
      <object_component id="oc-24a">
         <name>.debug_info</name>
         <load_address>0xa57</load_address>
         <run_address>0xa57</run_address>
         <size>0x53</size>
         <input_file_ref idref="fl-2"/>
      </object_component>
      <object_component id="oc-1fd">
         <name>.debug_info</name>
         <load_address>0xaaa</load_address>
         <run_address>0xaaa</run_address>
         <size>0x3c2</size>
         <input_file_ref idref="fl-3"/>
      </object_component>
      <object_component id="oc-1fa">
         <name>.debug_info</name>
         <load_address>0xe6c</load_address>
         <run_address>0xe6c</run_address>
         <size>0xf0</size>
         <input_file_ref idref="fl-3"/>
      </object_component>
      <object_component id="oc-15f">
         <name>.debug_info</name>
         <load_address>0xf5c</load_address>
         <run_address>0xf5c</run_address>
         <size>0x282</size>
         <input_file_ref idref="fl-3"/>
      </object_component>
      <object_component id="oc-1ee">
         <name>.debug_info</name>
         <load_address>0x11de</load_address>
         <run_address>0x11de</run_address>
         <size>0x179</size>
         <input_file_ref idref="fl-3"/>
      </object_component>
      <object_component id="oc-1f4">
         <name>.debug_info</name>
         <load_address>0x1357</load_address>
         <run_address>0x1357</run_address>
         <size>0x178</size>
         <input_file_ref idref="fl-3"/>
      </object_component>
      <object_component id="oc-200">
         <name>.debug_info</name>
         <load_address>0x14cf</load_address>
         <run_address>0x14cf</run_address>
         <size>0x4cf</size>
         <input_file_ref idref="fl-3"/>
      </object_component>
      <object_component id="oc-245">
         <name>.debug_info</name>
         <load_address>0x199e</load_address>
         <run_address>0x199e</run_address>
         <size>0x3b</size>
         <input_file_ref idref="fl-3"/>
      </object_component>
      <object_component id="oc-1a3">
         <name>.debug_info</name>
         <load_address>0x19d9</load_address>
         <run_address>0x19d9</run_address>
         <size>0x50f</size>
         <input_file_ref idref="fl-4"/>
      </object_component>
      <object_component id="oc-3cc">
         <name>.debug_info</name>
         <load_address>0x1ee8</load_address>
         <run_address>0x1ee8</run_address>
         <size>0x10c</size>
         <input_file_ref idref="fl-4"/>
      </object_component>
      <object_component id="oc-3cf">
         <name>.debug_info</name>
         <load_address>0x1ff4</load_address>
         <run_address>0x1ff4</run_address>
         <size>0x11a</size>
         <input_file_ref idref="fl-4"/>
      </object_component>
      <object_component id="oc-2d7">
         <name>.debug_info</name>
         <load_address>0x210e</load_address>
         <run_address>0x210e</run_address>
         <size>0x17a</size>
         <input_file_ref idref="fl-4"/>
      </object_component>
      <object_component id="oc-2c4">
         <name>.debug_info</name>
         <load_address>0x2288</load_address>
         <run_address>0x2288</run_address>
         <size>0x112</size>
         <input_file_ref idref="fl-4"/>
      </object_component>
      <object_component id="oc-28b">
         <name>.debug_info</name>
         <load_address>0x239a</load_address>
         <run_address>0x239a</run_address>
         <size>0x114</size>
         <input_file_ref idref="fl-4"/>
      </object_component>
      <object_component id="oc-50f">
         <name>.debug_info</name>
         <load_address>0x24ae</load_address>
         <run_address>0x24ae</run_address>
         <size>0x119</size>
         <input_file_ref idref="fl-4"/>
      </object_component>
      <object_component id="oc-3ed">
         <name>.debug_info</name>
         <load_address>0x25c7</load_address>
         <run_address>0x25c7</run_address>
         <size>0x113</size>
         <input_file_ref idref="fl-4"/>
      </object_component>
      <object_component id="oc-2da">
         <name>.debug_info</name>
         <load_address>0x26da</load_address>
         <run_address>0x26da</run_address>
         <size>0x106</size>
         <input_file_ref idref="fl-4"/>
      </object_component>
      <object_component id="oc-370">
         <name>.debug_info</name>
         <load_address>0x27e0</load_address>
         <run_address>0x27e0</run_address>
         <size>0x100</size>
         <input_file_ref idref="fl-4"/>
      </object_component>
      <object_component id="oc-1b7">
         <name>.debug_info</name>
         <load_address>0x28e0</load_address>
         <run_address>0x28e0</run_address>
         <size>0x158</size>
         <input_file_ref idref="fl-4"/>
      </object_component>
      <object_component id="oc-154">
         <name>.debug_info</name>
         <load_address>0x2a38</load_address>
         <run_address>0x2a38</run_address>
         <size>0x18e</size>
         <input_file_ref idref="fl-4"/>
      </object_component>
      <object_component id="oc-231">
         <name>.debug_info</name>
         <load_address>0x2bc6</load_address>
         <run_address>0x2bc6</run_address>
         <size>0x878</size>
         <input_file_ref idref="fl-4"/>
      </object_component>
      <object_component id="oc-134">
         <name>.debug_info</name>
         <load_address>0x343e</load_address>
         <run_address>0x343e</run_address>
         <size>0x100</size>
         <input_file_ref idref="fl-4"/>
      </object_component>
      <object_component id="oc-13e">
         <name>.debug_info</name>
         <load_address>0x353e</load_address>
         <run_address>0x353e</run_address>
         <size>0x137</size>
         <input_file_ref idref="fl-4"/>
      </object_component>
      <object_component id="oc-314">
         <name>.debug_info</name>
         <load_address>0x3675</load_address>
         <run_address>0x3675</run_address>
         <size>0xf8</size>
         <input_file_ref idref="fl-4"/>
      </object_component>
      <object_component id="oc-22c">
         <name>.debug_info</name>
         <load_address>0x376d</load_address>
         <run_address>0x376d</run_address>
         <size>0x9a</size>
         <input_file_ref idref="fl-4"/>
      </object_component>
      <object_component id="oc-23b">
         <name>.debug_info</name>
         <load_address>0x3807</load_address>
         <run_address>0x3807</run_address>
         <size>0x518</size>
         <input_file_ref idref="fl-4"/>
      </object_component>
      <object_component id="oc-236">
         <name>.debug_info</name>
         <load_address>0x3d1f</load_address>
         <run_address>0x3d1f</run_address>
         <size>0xbb</size>
         <input_file_ref idref="fl-4"/>
      </object_component>
      <object_component id="oc-34a">
         <name>.debug_info</name>
         <load_address>0x3dda</load_address>
         <run_address>0x3dda</run_address>
         <size>0xb6</size>
         <input_file_ref idref="fl-4"/>
      </object_component>
[...]
      </symbol>
      <symbol id="sm-402">
         <name>PowerCC32XX_getParkState</name>
         <value>0x2000f099</value>
         <object_component_ref idref="oc-5e3"/>
      </symbol>
      <symbol id="sm-413">
         <name>PowerCC32XX_enterLPDS</name>
         <value>0x2000eac9</value>
         <object_component_ref idref="oc-557"/>
      </symbol>
      <symbol id="sm-414">
         <name>PowerCC32XX_resumeLPDS</name>
         <value>0x2000e701</value>
         <object_component_ref idref="oc-668"/>
      </symbol>
      <symbol id="sm-59e">
         <name>UARTCC32XX_close</name>
         <value>0x2000ccf5</value>
         <object_component_ref idref="oc-4cf"/>
      </symbol>
      <symbol id="sm-59f">
         <name>UARTCC32XX_fxnTable</name>
         <value>0x2000fde0</value>
         <object_component_ref idref="oc-3e8"/>
      </symbol>
      <symbol id="sm-5a0">
         <name>UARTCC32XX_init</name>
         <value>0x2000d3f7</value>
         <object_component_ref idref="oc-4db"/>
      </symbol>
      <symbol id="sm-5a1">
         <name>UARTCC32XX_writePolling</name>
         <value>0x2000e429</value>
         <object_component_ref idref="oc-4ff"/>
      </symbol>
      <symbol id="sm-5a2">
         <name>UARTCC32XX_writeCancel</name>
         <value>0x2000e35d</value>
         <object_component_ref idref="oc-505"/>
      </symbol>
      <symbol id="sm-5a3">
         <name>UARTCC32XX_control</name>
         <value>0x2000cf15</value>
         <object_component_ref idref="oc-4d5"/>
      </symbol>
      <symbol id="sm-5a4">
         <name>UARTCC32XX_open</name>
         <value>0x2000c46d</value>
         <object_component_ref idref="oc-4e1"/>
      </symbol>
      <symbol id="sm-5a5">
         <name>UARTCC32XX_readCancel</name>
         <value>0x2000ef31</value>
         <object_component_ref idref="oc-4f3"/>
      </symbol>
      <symbol id="sm-5a6">
         <name>UARTCC32XX_write</name>
         <value>0x2000d0ed</value>
         <object_component_ref idref="oc-4f9"/>
      </symbol>
      <symbol id="sm-5a7">
         <name>UARTCC32XX_read</name>
         <value>0x2000ecdd</value>
         <object_component_ref idref="oc-4e7"/>
      </symbol>
      <symbol id="sm-5a8">
         <name>UARTCC32XX_readPolling</name>
         <value>0x2000d33d</value>
         <object_component_ref idref="oc-4ed"/>
      </symbol>
      <symbol id="sm-5c0">
         <name>List_remove</name>
         <value>0x2000f18f</value>
         <object_component_ref idref="oc-6a0"/>
      </symbol>
      <symbol id="sm-5c1">
         <name>List_put</name>
         <value>0x2000f169</value>
         <object_component_ref idref="oc-3b5"/>
      </symbol>
      <symbol id="sm-5f0">
         <name>RingBuf_put</name>
         <value>0x2000e9f9</value>
         <object_component_ref idref="oc-716"/>
      </symbol>
      <symbol id="sm-5f1">
         <name>RingBuf_isFull</name>
         <value>0x2000f5b1</value>
         <object_component_ref idref="oc-71c"/>
      </symbol>
      <symbol id="sm-5f2">
         <name>RingBuf_construct</name>
         <value>0x2000f4bf</value>
         <object_component_ref idref="oc-5d1"/>
      </symbol>
      <symbol id="sm-5f3">
         <name>RingBuf_peek</name>
         <value>0x2000f261</value>
         <object_component_ref idref="oc-5c3"/>
      </symbol>
      <symbol id="sm-5f4">
         <name>RingBuf_get</name>
         <value>0x2000ec9d</value>
         <object_component_ref idref="oc-61e"/>
      </symbol>
      <symbol id="sm-66f">
         <name>SemaphoreP_defaultParams</name>
         <value>0x2000fbd4</value>
         <object_component_ref idref="oc-48c"/>
      </symbol>
      <symbol id="sm-670">
         <name>SemaphoreP_construct</name>
         <value>0x2000e7a5</value>
         <object_component_ref idref="oc-490"/>
      </symbol>
      <symbol id="sm-671">
         <name>SemaphoreP_create</name>
         <value>0x2000f41d</value>
         <object_component_ref idref="oc-37a"/>
      </symbol>
      <symbol id="sm-672">
         <name>SemaphoreP_post</name>
         <value>0x2000eb0d</value>
         <object_component_ref idref="oc-2b9"/>
      </symbol>
      <symbol id="sm-673">
         <name>SemaphoreP_pend</name>
         <value>0x2000d9fd</value>
         <object_component_ref idref="oc-2a7"/>
      </symbol>
      <symbol id="sm-674">
         <name>SemaphoreP_delete</name>
         <value>0x2000f63d</value>
         <object_component_ref idref="oc-2a1"/>
      </symbol>
      <symbol id="sm-675">
         <name>SemaphoreP_createBinary</name>
         <value>0x2000f32b</value>
         <object_component_ref idref="oc-28f"/>
      </symbol>
      <symbol id="sm-676">
         <name>SemaphoreP_Params_init</name>
         <value>0x2000f575</value>
         <object_component_ref idref="oc-374"/>
      </symbol>
      <symbol id="sm-677">
         <name>clkFxn</name>
         <value>0x2000e3c3</value>
         <object_component_ref idref="oc-3aa"/>
      </symbol>
      <symbol id="sm-761">
         <name>ClockP_ctrl</name>
         <value>0x20010178</value>
      </symbol>
      <symbol id="sm-762">
         <name>ClockP_delete</name>
         <value>0x2000f503</value>
         <object_component_ref idref="oc-59e"/>
      </symbol>
      <symbol id="sm-763">
         <name>ClockP_doTick</name>
         <value>0x2000e755</value>
         <object_component_ref idref="oc-79"/>
      </symbol>
      <symbol id="sm-764">
         <name>ClockP_setTimeout</name>
         <value>0x2000f635</value>
         <object_component_ref idref="oc-723"/>
      </symbol>
      <symbol id="sm-765">
         <name>ClockP_startup</name>
         <value>0x2000ef9d</value>
         <object_component_ref idref="oc-536"/>
      </symbol>
      <symbol id="sm-766">
         <name>ClockP_stop</name>
         <value>0x2000ea41</value>
         <object_component_ref idref="oc-4b8"/>
      </symbol>
      <symbol id="sm-767">
         <name>ClockP_construct</name>
         <value>0x2000ec1d</value>
         <object_component_ref idref="oc-6b2"/>
      </symbol>
      <symbol id="sm-768">
         <name>ClockP_getTicksUntilInterrupt</name>
         <value>0x2000ef69</value>
         <object_component_ref idref="oc-452"/>
      </symbol>
      <symbol id="sm-769">
         <name>ClockP_setTicks</name>
         <value>0x2000f535</value>
         <object_component_ref idref="oc-47a"/>
      </symbol>
      <symbol id="sm-76a">
         <name>ClockP_tickPeriod</name>
         <value>0x2000fbe4</value>
         <object_component_ref idref="oc-486"/>
      </symbol>
      <symbol id="sm-76b">
         <name>ClockP_create</name>
         <value>0x2000f311</value>
         <object_component_ref idref="oc-5ef"/>
      </symbol>
      <symbol id="sm-76c">
         <name>ClockP_Params_init</name>
         <value>0x2000f5e5</value>
         <object_component_ref idref="oc-5e9"/>
      </symbol>
      <symbol id="sm-76d">
         <name>ClockP_getSystemTicks</name>
         <value>0x2000f525</value>
         <object_component_ref idref="oc-45e"/>
      </symbol>
      <symbol id="sm-76e">
         <name>ClockP_destruct</name>
         <value>0x2000ed9d</value>
         <object_component_ref idref="oc-3a4"/>
      </symbol>
      <symbol id="sm-76f">
         <name>ClockP_start</name>
         <value>0x2000f039</value>
         <object_component_ref idref="oc-392"/>
      </symbol>
      <symbol id="sm-770">
         <name>ClockP_sysTickHandler</name>
         <value>0x2000e755</value>
         <object_component_ref idref="oc-79"/>
      </symbol>
      <symbol id="sm-771">
         <name>ClockP_isActive</name>
         <value>0x2000f5ef</value>
         <object_component_ref idref="oc-39e"/>
      </symbol>
      <symbol id="sm-772">
         <name>ClockP_getCpuFreq</name>
         <value>0x2000f515</value>
         <object_component_ref idref="oc-440"/>
      </symbol>
      <symbol id="sm-773">
         <name>ClockP_add</name>
         <value>0x2000f4f3</value>
         <object_component_ref idref="oc-38c"/>
      </symbol>
      <symbol id="sm-7f4">
         <name>HwiP_delete</name>
         <value>0x2000f545</value>
         <object_component_ref idref="oc-598"/>
      </symbol>
      <symbol id="sm-7f5">
         <name>HwiP_construct</name>
         <value>0x2000dcf9</value>
         <object_component_ref idref="oc-3fa"/>
      </symbol>
      <symbol id="sm-7f6">
         <name>HwiP_inISR</name>
         <value>0x2000f449</value>
         <object_component_ref idref="oc-3bc"/>
      </symbol>
      <symbol id="sm-7f7">
         <name>HwiP_dispatch</name>
         <value>0x2000f1b5</value>
         <object_component_ref idref="oc-51d"/>
      </symbol>
      <symbol id="sm-7f8">
         <name>HwiP_destruct</name>
         <value>0x2000f221</value>
         <object_component_ref idref="oc-697"/>
      </symbol>
      <symbol id="sm-7f9">
         <name>HwiP_swiPIntNum</name>
         <value>0x2000fbe0</value>
         <object_component_ref idref="oc-523"/>
      </symbol>
      <symbol id="sm-7fa">
         <name>HwiP_Params_init</name>
         <value>0x2000f4ad</value>
         <object_component_ref idref="oc-2e9"/>
      </symbol>
      <symbol id="sm-7fb">
         <name>HwiP_disable</name>
         <value>0x2000f595</value>
         <object_component_ref idref="oc-295"/>
      </symbol>
      <symbol id="sm-7fc">
         <name>HwiP_key</name>
         <value>0x2000fbdc</value>
         <object_component_ref idref="oc-523"/>
      </symbol>
      <symbol id="sm-7fd">
         <name>HwiP_create</name>
         <value>0x2000f0c5</value>
         <object_component_ref idref="oc-2ef"/>
      </symbol>
      <symbol id="sm-7fe">
         <name>HwiP_post</name>
         <value>0x2000f639</value>
         <object_component_ref idref="oc-57d"/>
      </symbol>
      <symbol id="sm-7ff">
         <name>HwiP_enable</name>
         <value>0x2000f5a3</value>
         <object_component_ref idref="oc-158"/>
      </symbol>
      <symbol id="sm-800">
         <name>HwiP_restore</name>
         <value>0x2000f555</value>
         <object_component_ref idref="oc-29b"/>
      </symbol>
      <symbol id="sm-830">
         <name>PowerCC32XX_initPolicy</name>
         <value>0x2000d1b7</value>
         <object_component_ref idref="oc-363"/>
      </symbol>
      <symbol id="sm-831">
         <name>PowerCC32XX_sleepPolicy</name>
         <value>0x2000c8d9</value>
         <object_component_ref idref="oc-369"/>
      </symbol>
      <symbol id="sm-886">
         <name>resetISR</name>
         <value>0x2000f345</value>
         <object_component_ref idref="oc-21"/>
      </symbol>
      <symbol id="sm-887">
         <name>resetVectorAddr</name>
         <value>0x2000f358</value>
         <object_component_ref idref="oc-21"/>
      </symbol>
      <symbol id="sm-888">
         <name>initVectors</name>
         <value>0x2000eec1</value>
         <object_component_ref idref="oc-59"/>
      </symbol>
      <symbol id="sm-889">
         <name>resetVectors</name>
         <value>0x20004000</value>
         <object_component_ref idref="oc-27"/>
      </symbol>
      <symbol id="sm-8b9">
         <name>SwiP_disable</name>
         <value>0x2000f2bd</value>
         <object_component_ref idref="oc-446"/>
      </symbol>
      <symbol id="sm-8ba">
         <name>SwiP_restore</name>
         <value>0x2000eb51</value>
         <object_component_ref idref="oc-480"/>
      </symbol>
      <symbol id="sm-8c5">
         <name>CPUcpsid</name>
         <value>0x2000f433</value>
         <object_component_ref idref="oc-a3"/>
      </symbol>
      <symbol id="sm-90a">
         <name>IntVTableBaseSet</name>
         <value>0x2000f45d</value>
         <object_component_ref idref="oc-af"/>
      </symbol>
      <symbol id="sm-90b">
         <name>IntEnable</name>
         <value>0x2000d6c5</value>
         <object_component_ref idref="oc-b5"/>
      </symbol>
      <symbol id="sm-90c">
         <name>IntMasterDisable</name>
         <value>0x2000f5f9</value>
         <object_component_ref idref="oc-53"/>
      </symbol>
      <symbol id="sm-90d">
         <name>IntPendSet</name>
         <value>0x2000dd85</value>
         <object_component_ref idref="oc-68b"/>
      </symbol>
      <symbol id="sm-947">
         <name>PinModeGet</name>
         <value>0x2000efd1</value>
         <object_component_ref idref="oc-274"/>
      </symbol>
      <symbol id="sm-948">
         <name>PinConfigSet</name>
         <value>0x2000de0d</value>
         <object_component_ref idref="oc-2dd"/>
      </symbol>
      <symbol id="sm-949">
         <name>PinModeSet</name>
         <value>0x2000ec5d</value>
         <object_component_ref idref="oc-27a"/>
      </symbol>
      <symbol id="sm-94a">
         <name>PinToPadGet</name>
         <value>0x2000f2a1</value>
         <object_component_ref idref="oc-5bc"/>
      </symbol>
      <symbol id="sm-a13">
         <name>PRCMLPDSRestoreInfoSet</name>
         <value>0x2000ea85</value>
         <object_component_ref idref="oc-66d"/>
      </symbol>
      <symbol id="sm-a14">
         <name>PRCMPeripheralReset</name>
         <value>0x2000e5fd</value>
         <object_component_ref idref="oc-268"/>
      </symbol>
      <symbol id="sm-a15">
         <name>PRCMLPDSEnter</name>
         <value>0x2000e921</value>
         <object_component_ref idref="oc-56e"/>
      </symbol>
      <symbol id="sm-a16">
         <name>PRCMPeripheralClkEnable</name>
         <value>0x2000e969</value>
         <object_component_ref idref="oc-262"/>
      </symbol>
      <symbol id="sm-a17">
         <name>PRCMLPDSEnterKeepDebugIf</name>
         <value>0x2000ee51</value>
         <object_component_ref idref="oc-574"/>
      </symbol>
      <symbol id="sm-a18">
         <name>PRCMCC3200MCUInit</name>
         <value>0x2000c041</value>
         <object_component_ref idref="oc-1a9"/>
      </symbol>
      <symbol id="sm-a19">
         <name>PRCMHIBRegWrite</name>
         <value>0x2000f407</value>
         <object_component_ref idref="oc-256"/>
      </symbol>
      <symbol id="sm-a1a">
         <name>PRCMSysResetCauseGet</name>
         <value>0x2000e48d</value>
         <object_component_ref idref="oc-24f"/>
      </symbol>
      <symbol id="sm-a1b">
         <name>PRCMPeripheralClkDisable</name>
         <value>0x2000f0f1</value>
         <object_component_ref idref="oc-26e"/>
      </symbol>
      <symbol id="sm-a1c">
         <name>PRCMHIBRegRead</name>
         <value>0x2000f3f1</value>
         <object_component_ref idref="oc-25c"/>
      </symbol>
      <symbol id="sm-a30">
         <name>UARTBusy</name>
         <value>0x2000f391</value>
         <object_component_ref idref="oc-626"/>
      </symbol>
      <symbol id="sm-a31">
         <name>UARTIntEnable</name>
         <value>0x2000f3a9</value>
         <object_component_ref idref="oc-6f6"/>
      </symbol>
      <symbol id="sm-a35">
         <name>UtilsDelay</name>
         <value>0x2000f62f</value>
         <object_component_ref idref="oc-255"/>
      </symbol>
      <symbol id="sm-a45">
         <name>FlashDisable</name>
         <value>0x2000e8d9</value>
         <object_component_ref idref="oc-683"/>
      </symbol>
      <symbol id="sm-a4e">
         <name>__aeabi_lmul</name>
         <value>0x2000f3d9</value>
         <object_component_ref idref="oc-475"/>
      </symbol>
      <symbol id="sm-a69">
         <name>memcpy</name>
         <value>0x2000da9d</value>
         <object_component_ref idref="oc-3b"/>
      </symbol>
      <symbol id="sm-a6a">
         <name>__aeabi_memcpy</name>
         <value>0x2000da9d</value>
         <object_component_ref idref="oc-3b"/>
      </symbol>
      <symbol id="sm-a6b">
         <name>__aeabi_memcpy8</name>
         <value>0x2000da9d</value>
         <object_component_ref idref="oc-3b"/>
      </symbol>
      <symbol id="sm-a6c">
         <name>__aeabi_memcpy4</name>
         <value>0x2000da9d</value>
         <object_component_ref idref="oc-3b"/>
      </symbol>
      <symbol id="sm-a79">
         <name>__aeabi_uldivmod</name>
         <value>0x2000dbd1</value>
         <object_component_ref idref="oc-46a"/>
      </symbol>
      <symbol id="sm-a8d">
         <name>__TI_zero_init_nomemset</name>
         <value>0x2000f2d9</value>
         <object_component_ref idref="oc-47"/>
      </symbol>
      <symbol id="sm-aa4">
         <name>__TI_decompress_none</name>
         <value>0x2000f5bf</value>
         <object_component_ref idref="oc-1a"/>
      </symbol>
      <symbol id="sm-ac7">
         <name>__TI_decompress_lzss</name>
         <value>0x2000e2f5</value>
         <object_component_ref idref="oc-14"/>
      </symbol>
      <symbol id="sm-b50">
         <name>_sys_memory</name>
         <value>0x20004040</value>
         <object_component_ref idref="oc-2a"/>
      </symbol>
      <symbol id="sm-b51">
         <name>free</name>
         <value>0x2000d009</value>
         <object_component_ref idref="oc-385"/>
      </symbol>
      <symbol id="sm-b52">
         <name>memalign</name>
         <value>0x2000ce15</value>
         <object_component_ref idref="oc-513"/>
      </symbol>
      <symbol id="sm-b53">
         <name>malloc</name>
         <value>0x2000f617</value>
         <object_component_ref idref="oc-3f4"/>
      </symbol>
      <symbol id="sm-b54">
         <name>aligned_alloc</name>
         <value>0x2000ce15</value>
         <object_component_ref idref="oc-513"/>
      </symbol>
      <symbol id="sm-b66">
         <name>__stack</name>
         <value>0x20003000</value>
         <object_component_ref idref="oc-2d"/>
      </symbol>
      <symbol id="sm-b67">
         <name>_c_int00_noargs</name>
         <value>0x2000f1fd</value>
         <object_component_ref idref="oc-c5"/>
      </symbol>
      <symbol id="sm-b71">
         <name>__aeabi_idiv0</name>
         <value>0x2000ee4f</value>
         <object_component_ref idref="oc-53f"/>
      </symbol>
      <symbol id="sm-b72">
         <name>__aeabi_ldiv0</name>
         <value>0x2000ee4f</value>
         <object_component_ref idref="oc-53f"/>
      </symbol>
      <symbol id="sm-b9b">
         <name>__TI_auto_init_nobinit_nopinit</name>
         <value>0x2000ebd9</value>
         <object_component_ref idref="oc-171"/>
      </symbol>
      <symbol id="sm-ba5">
         <name>_system_pre_init</name>
         <value>0x2000f641</value>
         <object_component_ref idref="oc-114"/>
      </symbol>
      <symbol id="sm-bb1">
         <name>C$$EXIT</name>
         <value>0x2000f645</value>
         <object_component_ref idref="oc-165"/>
      </symbol>
      <symbol id="sm-bb2">
         <name>abort</name>
         <value>0x2000f645</value>
         <object_component_ref idref="oc-165"/>
      </symbol>
      <symbol id="sm-bc7">
         <name>_nop</name>
         <value>0x2000dc67</value>
         <object_component_ref idref="oc-32b"/>
      </symbol>
      <symbol id="sm-bc8">
         <name>_lock</name>
         <value>0x2000fbc4</value>
         <object_component_ref idref="oc-209"/>
      </symbol>
      <symbol id="sm-bc9">
         <name>_unlock</name>
         <value>0x2000fbc8</value>
         <object_component_ref idref="oc-209"/>
      </symbol>
      <symbol id="sm-bcb">
         <name>__TI_static_base__</name>
         <value>0x200101a0</value>
      </symbol>
      <symbol id="sm-bce">
         <name>ITM_flush</name>
         <value>0x0</value>
      </symbol>
      <symbol id="sm-bcf">
         <name>ITM_restore</name>
         <value>0x0</value>
      </symbol>
      <symbol id="sm-bd0">
         <name>__mpu_init</name>
         <value>0x0</value>
      </symbol>
      <symbol id="sm-bd1">
         <name>_system_post_cinit</name>
         <value>0x0</value>
      </symbol>
      <symbol id="sm-bd2">
         <name>NoRTOS_start</name>
         <value>0x2000f5a3</value>
      </symbol>
   </symbol_table>
   <title>Link successful</title>
</link_info>
